App.tsx(1,65): error TS2792: Cannot find module 'react'. Did you mean to set the 'moduleResolution' option to 'nodenext', or to add aliases to the 'paths' option?
App.tsx(51,8): error TS2792: Cannot find module 'lucide-react'. Did you mean to set the 'moduleResolution' option to 'nodenext', or to add aliases to the 'paths' option?
App.tsx(52,24): error TS2792: Cannot find module 'ethers'. Did you mean to set the 'moduleResolution' option to 'nodenext', or to add aliases to the 'paths' option?
App.tsx(501,5): error TS2792: Cannot find module 'react/jsx-runtime'. Did you mean to set the 'moduleResolution' option to 'nodenext', or to add aliases to the 'paths' option?
services/gemini.ts(2,35): error TS2792: Cannot find module '@google/genai'. Did you mean to set the 'moduleResolution' option to 'nodenext', or to add aliases to the 'paths' option?
